
> clinic@0.1.0 build
> next build

node.exe : ΓÜá Warning: Next.js inferred your 
workspace root, but it may not be correct.
At C:\Program Files\nodejs\npm.ps1:29 char:3
+   & $NODE_EXE $NPM_CLI_JS $args
+   ~~~~~~~~~~~~~~~~~~~~~~~~~~~~~
    + CategoryInfo          : NotSpecified: (ΓÜá Warn 
   ing: Ne...not be correct.:String) [], RemoteExcep  
  tion
    + FullyQualifiedErrorId : NativeCommandError
 
 We detected multiple lockfiles and selected the 
directory of C:\Users\nhaxh\package-lock.json as the 
root directory.
 To silence this warning, set `turbopack.root` in 
your Next.js config, or consider removing one of the 
lockfiles if it's not needed.
   See https://nextjs.org/docs/app/api-reference/confi
g/next-config-js/turbopack#root-directory for more 
information.
 Detected additional lockfiles: 
   * C:\Users\nhaxh\OneDrive\Desktop\mw1\clinic\packag
e-lock.json

Γû▓ Next.js 16.2.2 (Turbopack)

  Creating an optimized production build ...

> Build error occurred
Error: Turbopack build failed with 6 errors:
./OneDrive/Desktop/mw1/clinic/src/components/Footer.ts
x:4:1
Export Instagram doesn't exist in target module
  [90m2 |[0m
  [90m3 |[0m [36mimport[0m [33mLink[0m 
[36mfrom[0m [32m"next/link"[0m;
[31m[1m>[0m [90m4 |[0m [36mimport[0m { 
[33mActivity[0m, [33mInstagram[0m, 
[33mLinkedin[0m, [33mTwitter[0m, [33mMail[0m, 
[33mPhone[0m, [33mMapPin[0m } [36mfrom[0m 
[32m"lucide-react"[0m;
  [90m  |[0m [31m[1m^^^^^^^^^^^^^^^^^^^^^^^^^^^^^^
^^^^^^^^^^^^^^^^^^^^^^^^^^^^^^^^^^^^^^^^^^^^^^^^^^^^^^
^^^^^^^[0m
  [90m5 |[0m
  [90m6 |[0m [36mexport[0m [36mfunction[0m 
[33mFooter[0m() {
  [90m7 |[0m   [36mreturn[0m (

The export Instagram was not found in module [project]
/OneDrive/Desktop/mw1/clinic/node_modules/lucide-react
/dist/esm/lucide-react.js [app-client] (ecmascript).
Did you mean to import Star?
All exports of the module are statically known (It 
doesn't have dynamic exports). So it's known 
statically that the requested export doesn't exist.

Import trace:
  Server Component:
    ./OneDrive/Desktop/mw1/clinic/src/components/Foote
r.tsx
    ./OneDrive/Desktop/mw1/clinic/src/app/page.tsx


./OneDrive/Desktop/mw1/clinic/src/components/Footer.ts
x:4:1
Export Instagram doesn't exist in target module
  [90m2 |[0m
  [90m3 |[0m [36mimport[0m [33mLink[0m 
[36mfrom[0m [32m"next/link"[0m;
[31m[1m>[0m [90m4 |[0m [36mimport[0m { 
[33mActivity[0m, [33mInstagram[0m, 
[33mLinkedin[0m, [33mTwitter[0m, [33mMail[0m, 
[33mPhone[0m, [33mMapPin[0m } [36mfrom[0m 
[32m"lucide-react"[0m;
  [90m  |[0m [31m[1m^^^^^^^^^^^^^^^^^^^^^^^^^^^^^^
^^^^^^^^^^^^^^^^^^^^^^^^^^^^^^^^^^^^^^^^^^^^^^^^^^^^^^
^^^^^^^[0m
  [90m5 |[0m
  [90m6 |[0m [36mexport[0m [36mfunction[0m 
[33mFooter[0m() {
  [90m7 |[0m   [36mreturn[0m (

The export Instagram was not found in module [project]
/OneDrive/Desktop/mw1/clinic/node_modules/lucide-react
/dist/esm/lucide-react.js [app-ssr] (ecmascript).
Did you mean to import Star?
All exports of the module are statically known (It 
doesn't have dynamic exports). So it's known 
statically that the requested export doesn't exist.

Import trace:
  Server Component:
    ./OneDrive/Desktop/mw1/clinic/src/components/Foote
r.tsx
    ./OneDrive/Desktop/mw1/clinic/src/app/page.tsx


./OneDrive/Desktop/mw1/clinic/src/components/Footer.ts
x:4:1
Export Linkedin doesn't exist in target module
  [90m2 |[0m
  [90m3 |[0m [36mimport[0m [33mLink[0m 
[36mfrom[0m [32m"next/link"[0m;
[31m[1m>[0m [90m4 |[0m [36mimport[0m { 
[33mActivity[0m, [33mInstagram[0m, 
[33mLinkedin[0m, [33mTwitter[0m, [33mMail[0m, 
[33mPhone[0m, [33mMapPin[0m } [36mfrom[0m 
[32m"lucide-react"[0m;
  [90m  |[0m [31m[1m^^^^^^^^^^^^^^^^^^^^^^^^^^^^^^
^^^^^^^^^^^^^^^^^^^^^^^^^^^^^^^^^^^^^^^^^^^^^^^^^^^^^^
^^^^^^^[0m
  [90m5 |[0m
  [90m6 |[0m [36mexport[0m [36mfunction[0m 
[33mFooter[0m() {
  [90m7 |[0m   [36mreturn[0m (

The export Linkedin was not found in module [project]/
OneDrive/Desktop/mw1/clinic/node_modules/lucide-react/
dist/esm/lucide-react.js [app-client] (ecmascript).
Did you mean to import Link?
All exports of the module are statically known (It 
doesn't have dynamic exports). So it's known 
statically that the requested export doesn't exist.

Import trace:
  Server Component:
    ./OneDrive/Desktop/mw1/clinic/src/components/Foote
r.tsx
    ./OneDrive/Desktop/mw1/clinic/src/app/page.tsx


./OneDrive/Desktop/mw1/clinic/src/components/Footer.ts
x:4:1
Export Linkedin doesn't exist in target module
  [90m2 |[0m
  [90m3 |[0m [36mimport[0m [33mLink[0m 
[36mfrom[0m [32m"next/link"[0m;
[31m[1m>[0m [90m4 |[0m [36mimport[0m { 
[33mActivity[0m, [33mInstagram[0m, 
[33mLinkedin[0m, [33mTwitter[0m, [33mMail[0m, 
[33mPhone[0m, [33mMapPin[0m } [36mfrom[0m 
[32m"lucide-react"[0m;
  [90m  |[0m [31m[1m^^^^^^^^^^^^^^^^^^^^^^^^^^^^^^
^^^^^^^^^^^^^^^^^^^^^^^^^^^^^^^^^^^^^^^^^^^^^^^^^^^^^^
^^^^^^^[0m
  [90m5 |[0m
  [90m6 |[0m [36mexport[0m [36mfunction[0m 
[33mFooter[0m() {
  [90m7 |[0m   [36mreturn[0m (

The export Linkedin was not found in module [project]/
OneDrive/Desktop/mw1/clinic/node_modules/lucide-react/
dist/esm/lucide-react.js [app-ssr] (ecmascript).
Did you mean to import Link?
All exports of the module are statically known (It 
doesn't have dynamic exports). So it's known 
statically that the requested export doesn't exist.

Import trace:
  Server Component:
    ./OneDrive/Desktop/mw1/clinic/src/components/Foote
r.tsx
    ./OneDrive/Desktop/mw1/clinic/src/app/page.tsx


./OneDrive/Desktop/mw1/clinic/src/components/Footer.ts
x:4:1
Export Twitter doesn't exist in target module
  [90m2 |[0m
  [90m3 |[0m [36mimport[0m [33mLink[0m 
[36mfrom[0m [32m"next/link"[0m;
[31m[1m>[0m [90m4 |[0m [36mimport[0m { 
[33mActivity[0m, [33mInstagram[0m, 
[33mLinkedin[0m, [33mTwitter[0m, [33mMail[0m, 
[33mPhone[0m, [33mMapPin[0m } [36mfrom[0m 
[32m"lucide-react"[0m;
  [90m  |[0m [31m[1m^^^^^^^^^^^^^^^^^^^^^^^^^^^^^^
^^^^^^^^^^^^^^^^^^^^^^^^^^^^^^^^^^^^^^^^^^^^^^^^^^^^^^
^^^^^^^[0m
  [90m5 |[0m
  [90m6 |[0m [36mexport[0m [36mfunction[0m 
[33mFooter[0m() {
  [90m7 |[0m   [36mreturn[0m (

The export Twitter was not found in module [project]/O
neDrive/Desktop/mw1/clinic/node_modules/lucide-react/d
ist/esm/lucide-react.js [app-client] (ecmascript).
Did you mean to import Timer?
All exports of the module are statically known (It 
doesn't have dynamic exports). So it's known 
statically that the requested export doesn't exist.

Import trace:
  Server Component:
    ./OneDrive/Desktop/mw1/clinic/src/components/Foote
r.tsx
    ./OneDrive/Desktop/mw1/clinic/src/app/page.tsx


./OneDrive/Desktop/mw1/clinic/src/components/Footer.ts
x:4:1
Export Twitter doesn't exist in target module
  [90m2 |[0m
  [90m3 |[0m [36mimport[0m [33mLink[0m 
[36mfrom[0m [32m"next/link"[0m;
[31m[1m>[0m [90m4 |[0m [36mimport[0m { 
[33mActivity[0m, [33mInstagram[0m, 
[33mLinkedin[0m, [33mTwitter[0m, [33mMail[0m, 
[33mPhone[0m, [33mMapPin[0m } [36mfrom[0m 
[32m"lucide-react"[0m;
  [90m  |[0m [31m[1m^^^^^^^^^^^^^^^^^^^^^^^^^^^^^^
^^^^^^^^^^^^^^^^^^^^^^^^^^^^^^^^^^^^^^^^^^^^^^^^^^^^^^
^^^^^^^[0m
  [90m5 |[0m
  [90m6 |[0m [36mexport[0m [36mfunction[0m 
[33mFooter[0m() {
  [90m7 |[0m   [36mreturn[0m (

The export Twitter was not found in module [project]/O
neDrive/Desktop/mw1/clinic/node_modules/lucide-react/d
ist/esm/lucide-react.js [app-ssr] (ecmascript).
Did you mean to import Timer?
All exports of the module are statically known (It 
doesn't have dynamic exports). So it's known 
statically that the requested export doesn't exist.

Import trace:
  Server Component:
    ./OneDrive/Desktop/mw1/clinic/src/components/Foote
r.tsx
    ./OneDrive/Desktop/mw1/clinic/src/app/page.tsx


    at <unknown> (./OneDrive/Desktop/mw1/clinic/src/co
mponents/Footer.tsx:4:1)
    at <unknown> (./OneDrive/Desktop/mw1/clinic/src/co
mponents/Footer.tsx:4:1)
    at <unknown> (./OneDrive/Desktop/mw1/clinic/src/co
mponents/Footer.tsx:4:1)
    at <unknown> (./OneDrive/Desktop/mw1/clinic/src/co
mponents/Footer.tsx:4:1)
    at <unknown> (./OneDrive/Desktop/mw1/clinic/src/co
mponents/Footer.tsx:4:1)
    at <unknown> (./OneDrive/Desktop/mw1/clinic/src/co
mponents/Footer.tsx:4:1)
